Archive member included to satisfy reference by file (symbol)

/opt/devkitpro/libogc/lib/wii/libogc.a(system.o)
                              /opt/devkitpro/devkitPPC/bin/../lib/gcc/powerpc-eabi/14.2.0/../../../../powerpc-eabi/lib/crtmain.o (SYS_PreMain)
/opt/devkitpro/libogc/lib/wii/libogc.a(cond.o)
                              /opt/devkitpro/libogc/lib/wii/libogc.a(system.o) (__lwp_cond_init)
/opt/devkitpro/libogc/lib/wii/libogc.a(decrementer.o)
                              /opt/devkitpro/libogc/lib/wii/libogc.a(system.o) (__decrementer_init)
/opt/devkitpro/libogc/lib/wii/libogc.a(message.o)
                              /opt/devkitpro/libogc/lib/wii/libogc.a(system.o) (__lwp_mqbox_init)
/opt/devkitpro/libogc/lib/wii/libogc.a(si.o)
                              /opt/devkitpro/libogc/lib/wii/libogc.a(system.o) (__si_init)
/opt/devkitpro/libogc/lib/wii/libogc.a(ipc.o)
                              /opt/devkitpro/libogc/lib/wii/libogc.a(system.o) (__IPC_ClntInit)
/opt/devkitpro/libogc/lib/wii/libogc.a(ogc_crt0.o)
                              (_start)
/opt/devkitpro/libogc/lib/wii/libogc.a(timesupp.o)
                              /opt/devkitpro/libogc/lib/wii/libogc.a(system.o) (gettick)
/opt/devkitpro/libogc/lib/wii/libogc.a(lock_supp.o)
                              /opt/devkitpro/libogc/lib/wii/libogc.a(system.o) (__syscall_lock_init)
/opt/devkitpro/libogc/lib/wii/libogc.a(sbrk.o)
                              /opt/devkitpro/libogc/lib/wii/libogc.a(system.o) (_sbrk_r)
/opt/devkitpro/libogc/lib/wii/libogc.a(malloc_lock.o)
                              /opt/devkitpro/libogc/lib/wii/libogc.a(system.o) (__memlock_init)
/opt/devkitpro/libogc/lib/wii/libogc.a(stm.o)
                              /opt/devkitpro/libogc/lib/wii/libogc.a(system.o) (STM_RegisterEventHandler)
/opt/devkitpro/libogc/lib/wii/libogc.a(ios.o)
                              /opt/devkitpro/libogc/lib/wii/libogc.a(system.o) (__IOS_InitializeSubsystems)
/opt/devkitpro/libogc/lib/wii/libogc.a(es.o)
                              /opt/devkitpro/libogc/lib/wii/libogc.a(ios.o) (__ES_Init)
/opt/devkitpro/libogc/lib/wii/libogc.a(argv.o)
                              /opt/devkitpro/libogc/lib/wii/libogc.a(ogc_crt0.o) (__CheckARGV)
/opt/devkitpro/libogc/lib/wii/libogc.a(conf.o)
                              /opt/devkitpro/libogc/lib/wii/libogc.a(system.o) (CONF_Init)
/opt/devkitpro/libogc/lib/wii/libogc.a(wiilaunch.o)
                              /opt/devkitpro/libogc/lib/wii/libogc.a(system.o) (WII_Initialize)
/opt/devkitpro/libogc/lib/wii/libogc.a(lwp_priority.o)
                              /opt/devkitpro/libogc/lib/wii/libogc.a(system.o) (__lwp_priority_init)
/opt/devkitpro/libogc/lib/wii/libogc.a(lwp_threadq.o)
                              /opt/devkitpro/libogc/lib/wii/libogc.a(cond.o) (__lwp_threadqueue_init)
/opt/devkitpro/libogc/lib/wii/libogc.a(lwp_threads.o)
                              /opt/devkitpro/libogc/lib/wii/libogc.a(cond.o) (_thr_executing)
/opt/devkitpro/libogc/lib/wii/libogc.a(lwp_messages.o)
                              /opt/devkitpro/libogc/lib/wii/libogc.a(message.o) (__lwpmq_initialize)
/opt/devkitpro/libogc/lib/wii/libogc.a(lwp.o)
                              /opt/devkitpro/libogc/lib/wii/libogc.a(system.o) (__lwp_sysinit)
/opt/devkitpro/libogc/lib/wii/libogc.a(lwp_handler.o)
                              /opt/devkitpro/libogc/lib/wii/libogc.a(lwp_threads.o) (_cpu_context_save_fp)
/opt/devkitpro/libogc/lib/wii/libogc.a(lwp_stack.o)
                              /opt/devkitpro/libogc/lib/wii/libogc.a(lwp_threads.o) (__lwp_stack_allocate)
/opt/devkitpro/libogc/lib/wii/libogc.a(lwp_mutex.o)
                              /opt/devkitpro/libogc/lib/wii/libogc.a(malloc_lock.o) (__lwp_mutex_initialize)
/opt/devkitpro/libogc/lib/wii/libogc.a(lwp_watchdog.o)
                              /opt/devkitpro/libogc/lib/wii/libogc.a(system.o) (__lwp_watchdog_init)
/opt/devkitpro/libogc/lib/wii/libogc.a(lwp_wkspace.o)
                              /opt/devkitpro/libogc/lib/wii/libogc.a(ipc.o) (__wkspace_heap)
/opt/devkitpro/libogc/lib/wii/libogc.a(lwp_objmgr.o)
                              /opt/devkitpro/libogc/lib/wii/libogc.a(system.o) (__lwp_objmgr_initinfo)
/opt/devkitpro/libogc/lib/wii/libogc.a(lwp_heap.o)
                              /opt/devkitpro/libogc/lib/wii/libogc.a(ipc.o) (__lwp_heap_init)
/opt/devkitpro/libogc/lib/wii/libogc.a(sys_state.o)
                              /opt/devkitpro/libogc/lib/wii/libogc.a(system.o) (_sys_state_curr)
/opt/devkitpro/libogc/lib/wii/libogc.a(exception.o)
                              /opt/devkitpro/libogc/lib/wii/libogc.a(system.o) (__systemcall_init)
/opt/devkitpro/libogc/lib/wii/libogc.a(irq.o)
                              /opt/devkitpro/libogc/lib/wii/libogc.a(system.o) (__UnmaskIrq)
/opt/devkitpro/libogc/lib/wii/libogc.a(irq_handler.o)
                              /opt/devkitpro/libogc/lib/wii/libogc.a(exception.o) (irq_exceptionhandler)
/opt/devkitpro/libogc/lib/wii/libogc.a(semaphore.o)
                              /opt/devkitpro/libogc/lib/wii/libogc.a(system.o) (__lwp_sema_init)
/opt/devkitpro/libogc/lib/wii/libogc.a(video.o)
                              /opt/devkitpro/libogc/lib/wii/libogc.a(exception.o) (VIDEO_SetFramebuffer)
/opt/devkitpro/libogc/lib/wii/libogc.a(pad.o)
                              /opt/devkitpro/libogc/lib/wii/libogc.a(system.o) (__PADDisableRecalibration)
/opt/devkitpro/libogc/lib/wii/libogc.a(exi.o)
                              /opt/devkitpro/libogc/lib/wii/libogc.a(system.o) (EXI_Lock)
/opt/devkitpro/libogc/lib/wii/libogc.a(mutex.o)
                              /opt/devkitpro/libogc/lib/wii/libogc.a(system.o) (__lwp_mutex_init)
/opt/devkitpro/libogc/lib/wii/libogc.a(cache_asm.o)
                              /opt/devkitpro/libogc/lib/wii/libogc.a(system.o) (DCInvalidateRange)
/opt/devkitpro/libogc/lib/wii/libogc.a(system_asm.o)
                              /opt/devkitpro/libogc/lib/wii/libogc.a(ogc_crt0.o) (__InitFPRS)
/opt/devkitpro/libogc/lib/wii/libogc.a(gx.o)
                              /opt/devkitpro/libogc/lib/wii/libogc.a(exception.o) (GX_AbortFrame)
/opt/devkitpro/libogc/lib/wii/libogc.a(decrementer_handler.o)
                              /opt/devkitpro/libogc/lib/wii/libogc.a(exception.o) (dec_exceptionhandler)
/opt/devkitpro/libogc/lib/wii/libogc.a(kprintf.o)
                              /opt/devkitpro/libogc/lib/wii/libogc.a(exception.o) (kprintf)
/opt/devkitpro/libogc/lib/wii/libogc.a(network_wii.o)
                              /opt/devkitpro/libogc/lib/wii/libogc.a(wiilaunch.o) (net_wc24cleanup)
/opt/devkitpro/libogc/lib/wii/libogc.a(console.o)
                              /opt/devkitpro/libogc/lib/wii/libogc.a(exception.o) (__console_init)
/opt/devkitpro/libogc/lib/wii/libogc.a(lwp_queue.o)
                              /opt/devkitpro/libogc/lib/wii/libogc.a(lwp_messages.o) (__lwp_queue_initialize)
/opt/devkitpro/libogc/lib/wii/libogc.a(lwp_sema.o)
                              /opt/devkitpro/libogc/lib/wii/libogc.a(semaphore.o) (__lwp_sema_initialize)
/opt/devkitpro/libogc/lib/wii/libogc.a(exception_handler.o)
                              /opt/devkitpro/libogc/lib/wii/libogc.a(exception.o) (exceptionhandler_start)
/opt/devkitpro/libogc/lib/wii/libogc.a(video_asm.o)
                              /opt/devkitpro/libogc/lib/wii/libogc.a(video.o) (__VIClearFramebuffer)
/opt/devkitpro/libogc/lib/wii/libogc.a(console_font_8x16.o)
                              /opt/devkitpro/libogc/lib/wii/libogc.a(console.o) (console_font_8x16)
/opt/devkitpro/libogc/lib/wii/libogc.a(usbgecko.o)
                              /opt/devkitpro/libogc/lib/wii/libogc.a(console.o) (usb_isgeckoalive)
/opt/devkitpro/libogc/lib/wii/libogc.a(network_common.o)
                              /opt/devkitpro/libogc/lib/wii/libogc.a(network_wii.o) (inet_ntoa)
/opt/devkitpro/devkitPPC/bin/../lib/gcc/powerpc-eabi/14.2.0/../../../../powerpc-eabi/lib/libm.a(libm_a-sf_cos.o)
                              /opt/devkitpro/libogc/lib/wii/libogc.a(gx.o) (cosf)
/opt/devkitpro/devkitPPC/bin/../lib/gcc/powerpc-eabi/14.2.0/../../../../powerpc-eabi/lib/libm.a(libm_a-wf_sqrt.o)
                              /opt/devkitpro/libogc/lib/wii/libogc.a(gx.o) (sqrtf)
/opt/devkitpro/devkitPPC/bin/../lib/gcc/powerpc-eabi/14.2.0/../../../../powerpc-eabi/lib/libm.a(libm_a-kf_cos.o)
                              /opt/devkitpro/devkitPPC/bin/../lib/gcc/powerpc-eabi/14.2.0/../../../../powerpc-eabi/lib/libm.a(libm_a-sf_cos.o) (__kernel_cosf)
/opt/devkitpro/devkitPPC/bin/../lib/gcc/powerpc-eabi/14.2.0/../../../../powerpc-eabi/lib/libm.a(libm_a-ef_sqrt.o)
                              /opt/devkitpro/devkitPPC/bin/../lib/gcc/powerpc-eabi/14.2.0/../../../../powerpc-eabi/lib/libm.a(libm_a-wf_sqrt.o) (__ieee754_sqrtf)
/opt/devkitpro/devkitPPC/bin/../lib/gcc/powerpc-eabi/14.2.0/../../../../powerpc-eabi/lib/libm.a(libm_a-kf_sin.o)
                              /opt/devkitpro/devkitPPC/bin/../lib/gcc/powerpc-eabi/14.2.0/../../../../powerpc-eabi/lib/libm.a(libm_a-sf_cos.o) (__kernel_sinf)
/opt/devkitpro/devkitPPC/bin/../lib/gcc/powerpc-eabi/14.2.0/../../../../powerpc-eabi/lib/libm.a(libm_a-ef_rem_pio2.o)
                              /opt/devkitpro/devkitPPC/bin/../lib/gcc/powerpc-eabi/14.2.0/../../../../powerpc-eabi/lib/libm.a(libm_a-sf_cos.o) (__ieee754_rem_pio2f)
/opt/devkitpro/devkitPPC/bin/../lib/gcc/powerpc-eabi/14.2.0/../../../../powerpc-eabi/lib/libm.a(libm_a-sf_fabs.o)
                              /opt/devkitpro/devkitPPC/bin/../lib/gcc/powerpc-eabi/14.2.0/../../../../powerpc-eabi/lib/libm.a(libm_a-ef_rem_pio2.o) (fabsf)
/opt/devkitpro/devkitPPC/bin/../lib/gcc/powerpc-eabi/14.2.0/../../../../powerpc-eabi/lib/libm.a(libm_a-kf_rem_pio2.o)
                              /opt/devkitpro/devkitPPC/bin/../lib/gcc/powerpc-eabi/14.2.0/../../../../powerpc-eabi/lib/libm.a(libm_a-ef_rem_pio2.o) (__kernel_rem_pio2f)
/opt/devkitpro/devkitPPC/bin/../lib/gcc/powerpc-eabi/14.2.0/../../../../powerpc-eabi/lib/libm.a(libm_a-sf_floor.o)
                              /opt/devkitpro/devkitPPC/bin/../lib/gcc/powerpc-eabi/14.2.0/../../../../powerpc-eabi/lib/libm.a(libm_a-kf_rem_pio2.o) (floorf)
/opt/devkitpro/devkitPPC/bin/../lib/gcc/powerpc-eabi/14.2.0/../../../../powerpc-eabi/lib/libm.a(libm_a-sf_scalbn.o)
                              /opt/devkitpro/devkitPPC/bin/../lib/gcc/powerpc-eabi/14.2.0/../../../../powerpc-eabi/lib/libm.a(libm_a-kf_rem_pio2.o) (scalbnf)
/opt/devkitpro/devkitPPC/bin/../lib/gcc/powerpc-eabi/14.2.0/libgcc.a(_udivdi3.o)
                              /opt/devkitpro/libogc/lib/wii/libogc.a(system.o) (__udivdi3)
/opt/devkitpro/devkitPPC/bin/../lib/gcc/powerpc-eabi/14.2.0/libgcc.a(_umoddi3.o)
                              /opt/devkitpro/libogc/lib/wii/libogc.a(timesupp.o) (__umoddi3)
/opt/devkitpro/devkitPPC/bin/../lib/gcc/powerpc-eabi/14.2.0/../../../../powerpc-eabi/lib/libsysbase.a(libsysbase_libsysbase_a-abort.o)
                              /opt/devkitpro/libogc/lib/wii/libogc.a(lwp_threads.o) (abort)
/opt/devkitpro/devkitPPC/bin/../lib/gcc/powerpc-eabi/14.2.0/../../../../powerpc-eabi/lib/libsysbase.a(libsysbase_libsysbase_a-build_argv.o)
                              /opt/devkitpro/libogc/lib/wii/libogc.a(argv.o) (build_argv)
/opt/devkitpro/devkitPPC/bin/../lib/gcc/powerpc-eabi/14.2.0/../../../../powerpc-eabi/lib/libsysbase.a(libsysbase_libsysbase_a-getreent.o)
                              /opt/devkitpro/libogc/lib/wii/libogc.a(console.o) (__getreent)
/opt/devkitpro/devkitPPC/bin/../lib/gcc/powerpc-eabi/14.2.0/../../../../powerpc-eabi/lib/libsysbase.a(libsysbase_libsysbase_a-iosupport.o)
                              /opt/devkitpro/libogc/lib/wii/libogc.a(console.o) (devoptab_list)
/opt/devkitpro/devkitPPC/bin/../lib/gcc/powerpc-eabi/14.2.0/../../../../powerpc-eabi/lib/libsysbase.a(libsysbase_libsysbase_a-usleep.o)
                              /opt/devkitpro/libogc/lib/wii/libogc.a(network_wii.o) (usleep)
/opt/devkitpro/devkitPPC/bin/../lib/gcc/powerpc-eabi/14.2.0/../../../../powerpc-eabi/lib/libsysbase.a(libsysbase_libsysbase_a-_exit.o)
                              /opt/devkitpro/devkitPPC/bin/../lib/gcc/powerpc-eabi/14.2.0/../../../../powerpc-eabi/lib/libsysbase.a(libsysbase_libsysbase_a-abort.o) (_exit)
/opt/devkitpro/devkitPPC/bin/../lib/gcc/powerpc-eabi/14.2.0/../../../../powerpc-eabi/lib/libsysbase.a(libsysbase_libsysbase_a-nanosleep.o)
                              /opt/devkitpro/devkitPPC/bin/../lib/gcc/powerpc-eabi/14.2.0/../../../../powerpc-eabi/lib/libsysbase.a(libsysbase_libsysbase_a-usleep.o) (nanosleep)
/opt/devkitpro/devkitPPC/bin/../lib/gcc/powerpc-eabi/14.2.0/../../../../powerpc-eabi/lib/libc.a(libc_a-strcmp.o)
                              /opt/devkitpro/libogc/lib/wii/libogc.a(conf.o) (strcmp)
/opt/devkitpro/devkitPPC/bin/../lib/gcc/powerpc-eabi/14.2.0/../../../../powerpc-eabi/lib/libc.a(libc_a-memset.o)
                              /opt/devkitpro/libogc/lib/wii/libogc.a(system.o) (memset)
/opt/devkitpro/devkitPPC/bin/../lib/gcc/powerpc-eabi/14.2.0/../../../../powerpc-eabi/lib/libc.a(libc_a-strchr.o)
                              /opt/devkitpro/libogc/lib/wii/libogc.a(conf.o) (strchr)
/opt/devkitpro/devkitPPC/bin/../lib/gcc/powerpc-eabi/14.2.0/../../../../powerpc-eabi/lib/libc.a(libc_a-memcpy.o)
                              /opt/devkitpro/libogc/lib/wii/libogc.a(system.o) (memcpy)
/opt/devkitpro/devkitPPC/bin/../lib/gcc/powerpc-eabi/14.2.0/../../../../powerpc-eabi/lib/libc.a(libc_a-strtoul.o)
                              /opt/devkitpro/libogc/lib/wii/libogc.a(es.o) (_strtoul_r)
/opt/devkitpro/devkitPPC/bin/../lib/gcc/powerpc-eabi/14.2.0/../../../../powerpc-eabi/lib/libc.a(libc_a-setvbuf.o)
                              /opt/devkitpro/libogc/lib/wii/libogc.a(console.o) (setvbuf)
/opt/devkitpro/devkitPPC/bin/../lib/gcc/powerpc-eabi/14.2.0/../../../../powerpc-eabi/lib/libc.a(libc_a-strncmp.o)
                              /opt/devkitpro/devkitPPC/bin/../lib/gcc/powerpc-eabi/14.2.0/../../../../powerpc-eabi/lib/libsysbase.a(libsysbase_libsysbase_a-iosupport.o) (strncmp)
/opt/devkitpro/devkitPPC/bin/../lib/gcc/powerpc-eabi/14.2.0/../../../../powerpc-eabi/lib/libc.a(libc_a-memmove.o)
                              /opt/devkitpro/libogc/lib/wii/libogc.a(argv.o) (memmove)
/opt/devkitpro/devkitPPC/bin/../lib/gcc/powerpc-eabi/14.2.0/../../../../powerpc-eabi/lib/libc.a(libc_a-calloc.o)
                              /opt/devkitpro/libogc/lib/wii/libogc.a(lwp_threads.o) (calloc)
/opt/devkitpro/devkitPPC/bin/../lib/gcc/powerpc-eabi/14.2.0/../../../../powerpc-eabi/lib/libc.a(libc_a-errno.o)
                              /opt/devkitpro/libogc/lib/wii/libogc.a(network_wii.o) (__errno)
/opt/devkitpro/devkitPPC/bin/../lib/gcc/powerpc-eabi/14.2.0/../../../../powerpc-eabi/lib/libc.a(libc_a-impure.o)
                              /opt/devkitpro/libogc/lib/wii/libogc.a(lwp_threads.o) (_impure_data)
/opt/devkitpro/devkitPPC/bin/../lib/gcc/powerpc-eabi/14.2.0/../../../../powerpc-eabi/lib/libc.a(libc_a-strtoull.o)
                              /opt/devkitpro/libogc/lib/wii/libogc.a(es.o) (_strtoull_r)
/opt/devkitpro/devkitPPC/bin/../lib/gcc/powerpc-eabi/14.2.0/../../../../powerpc-eabi/lib/libc.a(libc_a-callocr.o)
                              /opt/devkitpro/devkitPPC/bin/../lib/gcc/powerpc-eabi/14.2.0/../../../../powerpc-eabi/lib/libc.a(libc_a-calloc.o) (_calloc_r)
/opt/devkitpro/devkitPPC/bin/../lib/gcc/powerpc-eabi/14.2.0/../../../../powerpc-eabi/lib/libc.a(libc_a-strlen.o)
                              /opt/devkitpro/libogc/lib/wii/libogc.a(conf.o) (strlen)
/opt/devkitpro/devkitPPC/bin/../lib/gcc/powerpc-eabi/14.2.0/../../../../powerpc-eabi/lib/libc.a(libc_a-malignr.o)
                              /opt/devkitpro/libogc/lib/wii/libogc.a(es.o) (_memalign_r)
/opt/devkitpro/devkitPPC/bin/../lib/gcc/powerpc-eabi/14.2.0/../../../../powerpc-eabi/lib/libc.a(libc_a-mallocr.o)
                              /opt/devkitpro/devkitPPC/bin/../lib/gcc/powerpc-eabi/14.2.0/../../../../powerpc-eabi/lib/libc.a(libc_a-callocr.o) (_malloc_r)
/opt/devkitpro/devkitPPC/bin/../lib/gcc/powerpc-eabi/14.2.0/../../../../powerpc-eabi/lib/libc.a(libc_a-freer.o)
                              /opt/devkitpro/libogc/lib/wii/libogc.a(es.o) (_free_r)
/opt/devkitpro/devkitPPC/bin/../lib/gcc/powerpc-eabi/14.2.0/../../../../powerpc-eabi/lib/libc.a(libc_a-memcmp.o)
                              /opt/devkitpro/libogc/lib/wii/libogc.a(conf.o) (memcmp)
/opt/devkitpro/devkitPPC/bin/../lib/gcc/powerpc-eabi/14.2.0/../../../../powerpc-eabi/lib/libc.a(libc_a-strcpy.o)
                              /opt/devkitpro/libogc/lib/wii/libogc.a(wiilaunch.o) (strcpy)
/opt/devkitpro/devkitPPC/bin/../lib/gcc/powerpc-eabi/14.2.0/../../../../powerpc-eabi/lib/libc.a(libc_a-malloc.o)
                              /opt/devkitpro/libogc/lib/wii/libogc.a(console.o) (malloc)
/opt/devkitpro/devkitPPC/bin/../lib/gcc/powerpc-eabi/14.2.0/../../../../powerpc-eabi/lib/libc.a(libc_a-reent.o)
                              /opt/devkitpro/libogc/lib/wii/libogc.a(lwp_threads.o) (_reclaim_reent)
/opt/devkitpro/devkitPPC/bin/../lib/gcc/powerpc-eabi/14.2.0/../../../../powerpc-eabi/lib/libc.a(libc_a-findfp.o)
                              /opt/devkitpro/libogc/lib/wii/libogc.a(lwp_threads.o) (__sf)
/opt/devkitpro/devkitPPC/bin/../lib/gcc/powerpc-eabi/14.2.0/../../../../powerpc-eabi/lib/libc.a(libc_a-puts.o)
                              /opt/devkitpro/libogc/lib/wii/libogc.a(ios.o) (puts)
/opt/devkitpro/devkitPPC/bin/../lib/gcc/powerpc-eabi/14.2.0/../../../../powerpc-eabi/lib/libc.a(libc_a-fvwrite.o)
                              /opt/devkitpro/devkitPPC/bin/../lib/gcc/powerpc-eabi/14.2.0/../../../../powerpc-eabi/lib/libc.a(libc_a-puts.o) (__sfvwrite_r)
/opt/devkitpro/devkitPPC/bin/../lib/gcc/powerpc-eabi/14.2.0/../../../../powerpc-eabi/lib/libc.a(libc_a-exit.o)
                              /opt/devkitpro/devkitPPC/bin/../lib/gcc/powerpc-eabi/14.2.0/../../../../powerpc-eabi/lib/crtmain.o (exit)
/opt/devkitpro/devkitPPC/bin/../lib/gcc/powerpc-eabi/14.2.0/../../../../powerpc-eabi/lib/libc.a(libc_a-memchr.o)
                              /opt/devkitpro/devkitPPC/bin/../lib/gcc/powerpc-eabi/14.2.0/../../../../powerpc-eabi/lib/libc.a(libc_a-fvwrite.o) (memchr)
/opt/devkitpro/devkitPPC/bin/../lib/gcc/powerpc-eabi/14.2.0/../../../../powerpc-eabi/lib/libc.a(libc_a-ctype_.o)
                              /opt/devkitpro/libogc/lib/wii/libogc.a(ipc.o) (_ctype_)
/opt/devkitpro/devkitPPC/bin/../lib/gcc/powerpc-eabi/14.2.0/../../../../powerpc-eabi/lib/libc.a(libc_a-syswrite.o)
                              /opt/devkitpro/libogc/lib/wii/libogc.a(kprintf.o) (write)
/opt/devkitpro/devkitPPC/bin/../lib/gcc/powerpc-eabi/14.2.0/../../../../powerpc-eabi/lib/libc.a(libc_a-sprintf.o)
                              /opt/devkitpro/libogc/lib/wii/libogc.a(wiilaunch.o) (sprintf)
/opt/devkitpro/devkitPPC/bin/../lib/gcc/powerpc-eabi/14.2.0/../../../../powerpc-eabi/lib/libc.a(libc_a-strnlen.o)
                              /opt/devkitpro/libogc/lib/wii/libogc.a(ipc.o) (strnlen)
/opt/devkitpro/devkitPPC/bin/../lib/gcc/powerpc-eabi/14.2.0/../../../../powerpc-eabi/lib/libc.a(libc_a-printf.o)
                              /opt/devkitpro/libogc/lib/wii/libogc.a(system.o) (printf)
/opt/devkitpro/devkitPPC/bin/../lib/gcc/powerpc-eabi/14.2.0/../../../../powerpc-eabi/lib/libc.a(libc_a-malign.o)
                              /opt/devkitpro/libogc/lib/wii/libogc.a(system.o) (memalign)
/opt/devkitpro/devkitPPC/bin/../lib/gcc/powerpc-eabi/14.2.0/../../../../powerpc-eabi/lib/libc.a(libc_a-fwalk.o)
                              /opt/devkitpro/devkitPPC/bin/../lib/gcc/powerpc-eabi/14.2.0/../../../../powerpc-eabi/lib/libc.a(libc_a-findfp.o) (_fwalk_sglue)
/opt/devkitpro/devkitPPC/bin/../lib/gcc/powerpc-eabi/14.2.0/../../../../powerpc-eabi/lib/libc.a(libc_a-vfprintf.o)
                              /opt/devkitpro/devkitPPC/bin/../lib/gcc/powerpc-eabi/14.2.0/../../../../powerpc-eabi/lib/libc.a(libc_a-printf.o) (_vfprintf_r)
/opt/devkitpro/devkitPPC/bin/../lib/gcc/powerpc-eabi/14.2.0/../../../../powerpc-eabi/lib/libc.a(libc_a-makebuf.o)
                              /opt/devkitpro/devkitPPC/bin/../lib/gcc/powerpc-eabi/14.2.0/../../../../powerpc-eabi/lib/libc.a(libc_a-setvbuf.o) (__swhatbuf_r)
/opt/devkitpro/devkitPPC/bin/../lib/gcc/powerpc-eabi/14.2.0/../../../../powerpc-eabi/lib/libc.a(libc_a-locale.o)
                              /opt/devkitpro/devkitPPC/bin/../lib/gcc/powerpc-eabi/14.2.0/../../../../powerpc-eabi/lib/libc.a(libc_a-vfprintf.o) (__global_locale)
/opt/devkitpro/devkitPPC/bin/../lib/gcc/powerpc-eabi/14.2.0/../../../../powerpc-eabi/lib/libc.a(libc_a-wcsrtombs.o)
                              /opt/devkitpro/devkitPPC/bin/../lib/gcc/powerpc-eabi/14.2.0/../../../../powerpc-eabi/lib/libc.a(libc_a-vfprintf.o) (_wcsrtombs_r)
/opt/devkitpro/devkitPPC/bin/../lib/gcc/powerpc-eabi/14.2.0/../../../../powerpc-eabi/lib/libc.a(libc_a-svfprintf.o)
                              /opt/devkitpro/devkitPPC/bin/../lib/gcc/powerpc-eabi/14.2.0/../../../../powerpc-eabi/lib/libc.a(libc_a-sprintf.o) (_svfprintf_r)
/opt/devkitpro/devkitPPC/bin/../lib/gcc/powerpc-eabi/14.2.0/../../../../powerpc-eabi/lib/libc.a(libc_a-mbtowc_r.o)
                              /opt/devkitpro/devkitPPC/bin/../lib/gcc/powerpc-eabi/14.2.0/../../../../powerpc-eabi/lib/libc.a(libc_a-locale.o) (__ascii_mbtowc)
/opt/devkitpro/devkitPPC/bin/../lib/gcc/powerpc-eabi/14.2.0/../../../../powerpc-eabi/lib/libc.a(libc_a-fflush.o)
                              /opt/devkitpro/devkitPPC/bin/../lib/gcc/powerpc-eabi/14.2.0/../../../../powerpc-eabi/lib/libc.a(libc_a-setvbuf.o) (_fflush_r)
/opt/devkitpro/devkitPPC/bin/../lib/gcc/powerpc-eabi/14.2.0/../../../../powerpc-eabi/lib/libc.a(libc_a-wcrtomb.o)
                              /opt/devkitpro/devkitPPC/bin/../lib/gcc/powerpc-eabi/14.2.0/../../../../powerpc-eabi/lib/libc.a(libc_a-vfprintf.o) (_wcrtomb_r)
/opt/devkitpro/devkitPPC/bin/../lib/gcc/powerpc-eabi/14.2.0/../../../../powerpc-eabi/lib/libc.a(libc_a-strcasecmp.o)
                              /opt/devkitpro/devkitPPC/bin/../lib/gcc/powerpc-eabi/14.2.0/../../../../powerpc-eabi/lib/libc.a(libc_a-locale.o) (strcasecmp)
/opt/devkitpro/devkitPPC/bin/../lib/gcc/powerpc-eabi/14.2.0/../../../../powerpc-eabi/lib/libc.a(libc_a-strcat.o)
                              /opt/devkitpro/devkitPPC/bin/../lib/gcc/powerpc-eabi/14.2.0/../../../../powerpc-eabi/lib/libc.a(libc_a-locale.o) (strcat)
/opt/devkitpro/devkitPPC/bin/../lib/gcc/powerpc-eabi/14.2.0/../../../../powerpc-eabi/lib/libc.a(libc_a-dtoa.o)
                              /opt/devkitpro/devkitPPC/bin/../lib/gcc/powerpc-eabi/14.2.0/../../../../powerpc-eabi/lib/libc.a(libc_a-vfprintf.o) (_dtoa_r)
/opt/devkitpro/devkitPPC/bin/../lib/gcc/powerpc-eabi/14.2.0/../../../../powerpc-eabi/lib/libc.a(libc_a-wsetup.o)
                              /opt/devkitpro/devkitPPC/bin/../lib/gcc/powerpc-eabi/14.2.0/../../../../powerpc-eabi/lib/libc.a(libc_a-fvwrite.o) (__swsetup_r)
/opt/devkitpro/devkitPPC/bin/../lib/gcc/powerpc-eabi/14.2.0/../../../../powerpc-eabi/lib/libc.a(libc_a-wcsnrtombs.o)
                              /opt/devkitpro/devkitPPC/bin/../lib/gcc/powerpc-eabi/14.2.0/../../../../powerpc-eabi/lib/libc.a(libc_a-wcsrtombs.o) (_wcsnrtombs_r)
/opt/devkitpro/devkitPPC/bin/../lib/gcc/powerpc-eabi/14.2.0/../../../../powerpc-eabi/lib/libc.a(libc_a-strtol.o)
                              /opt/devkitpro/devkitPPC/bin/../lib/gcc/powerpc-eabi/14.2.0/../../../../powerpc-eabi/lib/libc.a(libc_a-locale.o) (strtol)
/opt/devkitpro/devkitPPC/bin/../lib/gcc/powerpc-eabi/14.2.0/../../../../powerpc-eabi/lib/libc.a(libc_a-fclose.o)
                              /opt/devkitpro/devkitPPC/bin/../lib/gcc/powerpc-eabi/14.2.0/../../../../powerpc-eabi/lib/libc.a(libc_a-findfp.o) (_fclose_r)
/opt/devkitpro/devkitPPC/bin/../lib/gcc/powerpc-eabi/14.2.0/../../../../powerpc-eabi/lib/libc.a(libc_a-wctomb_r.o)
                              /opt/devkitpro/devkitPPC/bin/../lib/gcc/powerpc-eabi/14.2.0/../../../../powerpc-eabi/lib/libc.a(libc_a-locale.o) (__ascii_wctomb)
/opt/devkitpro/devkitPPC/bin/../lib/gcc/powerpc-eabi/14.2.0/../../../../powerpc-eabi/lib/libc.a(libc_a-__call_atexit.o)
                              /opt/devkitpro/devkitPPC/bin/../lib/gcc/powerpc-eabi/14.2.0/../../../../powerpc-eabi/lib/libc.a(libc_a-exit.o) (__call_exitprocs)
/opt/devkitpro/devkitPPC/bin/../lib/gcc/powerpc-eabi/14.2.0/../../../../powerpc-eabi/lib/libc.a(libc_a-stdio.o)
                              /opt/devkitpro/devkitPPC/bin/../lib/gcc/powerpc-eabi/14.2.0/../../../../powerpc-eabi/lib/libc.a(libc_a-findfp.o) (__sread)
/opt/devkitpro/devkitPPC/bin/../lib/gcc/powerpc-eabi/14.2.0/../../../../powerpc-eabi/lib/libc.a(libc_a-strlcpy.o)
                              /opt/devkitpro/devkitPPC/bin/../lib/gcc/powerpc-eabi/14.2.0/../../../../powerpc-eabi/lib/libc.a(libc_a-locale.o) (strlcpy)
/opt/devkitpro/devkitPPC/bin/../lib/gcc/powerpc-eabi/14.2.0/../../../../powerpc-eabi/lib/libc.a(libc_a-getenv_r.o)
                              /opt/devkitpro/devkitPPC/bin/../lib/gcc/powerpc-eabi/14.2.0/../../../../powerpc-eabi/lib/libc.a(libc_a-locale.o) (_getenv_r)
/opt/devkitpro/devkitPPC/bin/../lib/gcc/powerpc-eabi/14.2.0/../../../../powerpc-eabi/lib/libc.a(libc_a-reallocr.o)
                              /opt/devkitpro/devkitPPC/bin/../lib/gcc/powerpc-eabi/14.2.0/../../../../powerpc-eabi/lib/libc.a(libc_a-fvwrite.o) (_realloc_r)
/opt/devkitpro/devkitPPC/bin/../lib/gcc/powerpc-eabi/14.2.0/../../../../powerpc-eabi/lib/libc.a(libc_a-atexit.o)
                              /opt/devkitpro/devkitPPC/bin/../lib/gcc/powerpc-eabi/14.2.0/../../../../powerpc-eabi/lib/libc.a(libc_a-__call_atexit.o) (atexit)
/opt/devkitpro/devkitPPC/bin/../lib/gcc/powerpc-eabi/14.2.0/../../../../powerpc-eabi/lib/libc.a(libc_a-ssprint_r.o)
                              /opt/devkitpro/devkitPPC/bin/../lib/gcc/powerpc-eabi/14.2.0/../../../../powerpc-eabi/lib/libc.a(libc_a-svfprintf.o) (__ssprint_r)
/opt/devkitpro/devkitPPC/bin/../lib/gcc/powerpc-eabi/14.2.0/../../../../powerpc-eabi/lib/libc.a(libm_a-s_frexp.o)
                              /opt/devkitpro/devkitPPC/bin/../lib/gcc/powerpc-eabi/14.2.0/../../../../powerpc-eabi/lib/libc.a(libc_a-vfprintf.o) (frexp)
/opt/devkitpro/devkitPPC/bin/../lib/gcc/powerpc-eabi/14.2.0/../../../../powerpc-eabi/lib/libc.a(libc_a-strncpy.o)
                              /opt/devkitpro/devkitPPC/bin/../lib/gcc/powerpc-eabi/14.2.0/../../../../powerpc-eabi/lib/libc.a(libc_a-vfprintf.o) (strncpy)
/opt/devkitpro/devkitPPC/bin/../lib/gcc/powerpc-eabi/14.2.0/../../../../powerpc-eabi/lib/libc.a(libc_a-sprint_r.o)
                              /opt/devkitpro/devkitPPC/bin/../lib/gcc/powerpc-eabi/14.2.0/../../../../powerpc-eabi/lib/libc.a(libc_a-vfprintf.o) (__sprint_r)
/opt/devkitpro/devkitPPC/bin/../lib/gcc/powerpc-eabi/14.2.0/../../../../powerpc-eabi/lib/libc.a(libc_a-envlock.o)
                              /opt/devkitpro/devkitPPC/bin/../lib/gcc/powerpc-eabi/14.2.0/../../../../powerpc-eabi/lib/libc.a(libc_a-getenv_r.o) (__env_lock)
/opt/devkitpro/devkitPPC/bin/../lib/gcc/powerpc-eabi/14.2.0/../../../../powerpc-eabi/lib/libc.a(libc_a-strncasecmp.o)
                              /opt/devkitpro/devkitPPC/bin/../lib/gcc/powerpc-eabi/14.2.0/../../../../powerpc-eabi/lib/libc.a(libc_a-locale.o) (strncasecmp)
/opt/devkitpro/devkitPPC/bin/../lib/gcc/powerpc-eabi/14.2.0/../../../../powerpc-eabi/lib/libc.a(libc_a-mprec.o)
                              /opt/devkitpro/devkitPPC/bin/../lib/gcc/powerpc-eabi/14.2.0/../../../../powerpc-eabi/lib/libc.a(libc_a-dtoa.o) (_Balloc)
/opt/devkitpro/devkitPPC/bin/../lib/gcc/powerpc-eabi/14.2.0/../../../../powerpc-eabi/lib/libc.a(libc_a-localeconv.o)
                              /opt/devkitpro/devkitPPC/bin/../lib/gcc/powerpc-eabi/14.2.0/../../../../powerpc-eabi/lib/libc.a(libc_a-vfprintf.o) (_localeconv_r)
/opt/devkitpro/devkitPPC/bin/../lib/gcc/powerpc-eabi/14.2.0/../../../../powerpc-eabi/lib/libc.a(libc_a-environ.o)
                              /opt/devkitpro/devkitPPC/bin/../lib/gcc/powerpc-eabi/14.2.0/../../../../powerpc-eabi/lib/libc.a(libc_a-getenv_r.o) (environ)
/opt/devkitpro/devkitPPC/bin/../lib/gcc/powerpc-eabi/14.2.0/../../../../powerpc-eabi/lib/libc.a(libc_a-ssputs_r.o)
                              /opt/devkitpro/devkitPPC/bin/../lib/gcc/powerpc-eabi/14.2.0/../../../../powerpc-eabi/lib/libc.a(libc_a-ssprint_r.o) (__ssputs_r)
/opt/devkitpro/devkitPPC/bin/../lib/gcc/powerpc-eabi/14.2.0/../../../../powerpc-eabi/lib/libc.a(libc_a-__atexit.o)
                              /opt/devkitpro/devkitPPC/bin/../lib/gcc/powerpc-eabi/14.2.0/../../../../powerpc-eabi/lib/libc.a(libc_a-atexit.o) (__register_exitproc)
